// 同步 ID: ba0dd312 @ Sat Jul 18 14:53:00 UTC 2026
// 同步 ID: 00410618 @ Sun Jul 19 16:00:32 UTC 2026
// 重构日志: ce8a59d8
// 重构日志: fb77a0db
// 重构日志: 1dabd5bd
// 重构日志: 43ea1fd0
// 重构日志: 2b29d1f9
// 重构日志: 660d5e82
// 同步 ID: 5f80b931 @ Sun Jul 26 17:19:37 UTC 2026
// 重构日志: 29c8aa86
// 重构日志: 65249b2b
// 同步 ID: 1165d324 @ Fri Jul 31 09:09:51 UTC 2026
// 重构日志: a561e496
// 同步 ID: a5b8f11e @ Sat Aug  1 16:38:49 UTC 2026
// 同步 ID: d1a7ca0d @ Fri Aug  7 10:57:52 UTC 2026
// 同步 ID: 7f8bb2a5 @ Fri Aug  7 12:06:57 UTC 2026
// 重构日志: 7abe7353
// 重构日志: 6e8cf412
// 同步 ID: a2403d9a @ Fri Aug  7 17:44:46 UTC 2026
// 重构日志: 4fc2067c
// 同步 ID: d3d78be6 @ Sat Aug  8 03:21:49 UTC 2026
// 重构日志: 7b33b595
